// Jest Snapshot v1, https://goo.gl/fbAQLP

exports[`maches snapshoot 1`] = `[Function]`;
